// :copyright: Copyright (c) 2023 ftrack
// Generated on 2023-02-01T00:00:00.000Z using schema
// from an instance running version 4.13.8 using server on https://ftrack.example.com
// Not intended to modify manually
export interface Dashboard {
  __entity_type__?: "Dashboard";
  __permissions?: Record<string, any>;
  created_by?: User;
  created_by_id?: string;
  dashboard_resources?: DashboardResource[];
  readonly id: string;
  is_shared_with_everyone?: boolean;
  name?: string;
  widgets?: DashboardWidget[];
}
export interface Timer {
  __entity_type__?: "Timer";
  __permissions?: Record<string, any>;
  comment: string;
  context?: Context;
  context_id?: string;
  readonly id: string;
  name?: string;
  start: string;
  user?: User;
  user_id: string;
}
export interface StatusChange {
  __entity_type__?: "StatusChange";
  __permissions?: Record<string, any>;
  date?: string;
  from_status?: Status;
  from_status_id?: string;
  readonly id: string;
  parent_id?: string;
  parent_type?: string;
  status?: Status;
  status_id?: string;
  user?: User;
  user_id?: string;
}
export interface TypedContextStatusRuleGroup
  extends Omit<StatusRuleGroup, "__entity_type__" | "__permissions"> {
  __entity_type__?: "TypedContextStatusRuleGroup";
  __permissions?: Record<string, any>;
  object_type?: ObjectType;
  object_type_id: string;
}
export interface CalendarEventResource {
  __entity_type__?: "CalendarEventResource";
  __permissions?: Record<string, any>;
  calendar_event?: CalendarEvent;
  calendar_event_id: string;
  created_at?: string;
  created_by?: User;
  created_by_id?: string;
  readonly id: string;
  resource?: Resource;
  resource_id: string;
}
export interface FileComponent
  extends Omit<Component, "__entity_type__" | "__permissions"> {
  __entity_type__?: "FileComponent";
  __permissions?: Record<string, any>;
}
export interface State {
  __entity_type__?: "State";
  __permissions?: Record<string, any>;
  readonly id: string;
  name?: string;
  short?: string;
}
export interface AssetType {
  __entity_type__?: "AssetType";
  __permissions?: Record<string, any>;
  assets?: Asset[];
  component?: string;
  readonly id: string;
  name: string;
  short: string;
}
export interface Group
  extends Omit<Resource, "__entity_type__" | "__permissions"> {
  __entity_type__?: "Group";
  __permissions?: Record<string, any>;
  children?: Group[];
  custom_attribute_links?: CustomAttributeLink[];
  custom_attribute_links_from?: CustomAttributeLinkFrom[];
  readonly link?: string;
  local: boolean;
  memberships?: Membership[];
  name: string;
  parent?: Group;
  parent_id?: string;
}
export interface TypedContextLink {
  __entity_type__?: "TypedContextLink";
  __permissions?: Record<string, any>;
  from?: TypedContext;
  from_id: string;
  readonly id: string;
  lag?: number;
  metadata?: Metadata[];
  to?: TypedContext;
  to_id: string;
  type?: TypeFor<"TypedContextLink">;
}
export interface CalendarEvent {
  __entity_type__?: "CalendarEvent";
  __permissions?: Record<string, any>;
  calendar_event_resources?: CalendarEventResource[];
  created_at?: string;
  created_by?: User;
  created_by_id?: string;
  effort?: number;
  end: string;
  estimate?: number;
  everyone?: boolean;
  forecast?: boolean;
  readonly id: string;
  leave?: boolean;
  metadata?: Metadata[];
  name: string;
  project?: Project;
  project_id?: string;
  start: string;
  type?: TypeFor<"CalendarEvent">;
  type_id?: string;
}
export interface CustomAttributeLink {
  __entity_type__?: "CustomAttributeLink";
  __permissions?: Record<string, any>;
  configuration?: CustomAttributeLinkConfiguration;
  readonly configuration_id: string;
  from_entity_type?: string;
  from_id: string;
  readonly id: string;
  to_entity_type?: string;
  to_id: string;
}
export interface Membership {
  __entity_type__?: "Membership";
  __permissions?: Record<string, any>;
  group?: Group;
  group_id: string;
  readonly id: string;
  user?: User;
  user_id: string;
}
export interface DashboardWidget {
  __entity_type__?: "DashboardWidget";
  __permissions?: Record<string, any>;
  config?: string;
  dashboard?: Dashboard;
  dashboard_id?: string;
  readonly id: string;
  sort?: number;
  type?: TypeFor<"DashboardWidget">;
}
export interface AssetVersionStatusRuleGroup
  extends Omit<StatusRuleGroup, "__entity_type__" | "__permissions"> {
  __entity_type__?: "AssetVersionStatusRuleGroup";
  __permissions?: Record<string, any>;
}
export interface ReviewSessionObject {
  __entity_type__?: "ReviewSessionObject";
  __permissions?: Record<string, any>;
  annotations?: ReviewSessionObjectAnnotation[];
  asset_version?: AssetVersion;
  created_at: string;
  description: string;
  readonly id: string;
  name: string;
  notes?: Note[];
  review_session?: ReviewSession;
  review_session_id: string;
  sort_order: number;
  statuses?: ReviewSessionObjectStatus[];
  version: string;
  version_id: string;
}
export interface ProjectSchema {
  __entity_type__?: "ProjectSchema";
  __permissions?: Record<string, any>;
  asset_version_workflow_schema?: WorkflowSchema;
  asset_version_workflow_schema_id?: string;
  readonly id: string;
  name?: string;
  object_type_schemas?: Schema[];
  object_types?: ObjectType[];
  task_templates?: TaskTemplate[];
  task_type_schema?: TaskTypeSchema;
  task_type_schema_id?: string;
  task_workflow_schema?: WorkflowSchema;
  task_workflow_schema_id?: string;
  task_workflow_schema_overrides?: ProjectSchemaOverride[];
}
export interface Appointment {
  __entity_type__?: "Appointment";
  __permissions?: Record<string, any>;
  context?: Context;
  context_id: string;
  readonly id: string;
  resource?: Resource;
  resource_id: string;
  type: TypeFor<"Appointment">;
}
export interface TaskTypeSchema {
  __entity_type__?: "TaskTypeSchema";
  __permissions?: Record<string, any>;
  readonly id: string;
  name?: string;
  types?: Type[];
}
export interface ReviewSessionFolder {
  __entity_type__?: "ReviewSessionFolder";
  __permissions?: Record<string, any>;
  readonly id: string;
  name: string;
  project?: Project;
  project_id?: string;
  review_sessions?: ReviewSession[];
}
export interface CustomAttributeLinkFrom {
  __entity_type__?: "CustomAttributeLinkFrom";
  __permissions?: Record<string, any>;
  configuration?: CustomAttributeLinkConfiguration;
  readonly configuration_id: string;
  from_entity_type?: string;
  from_id: string;
  readonly id: string;
  to_entity_type?: string;
  to_id: string;
}
export interface Location {
  __entity_type__?: "Location";
  __permissions?: Record<string, any>;
  description?: string;
  readonly id: string;
  label?: string;
  location_components?: ComponentLocation[];
  name: string;
}
export interface CustomAttributeGroup {
  __entity_type__?: "CustomAttributeGroup";
  __permissions?: Record<string, any>;
  custom_attribute_configurations?: CustomAttributeConfiguration[];
  readonly id: string;
  name?: string;
}
export interface CustomAttributeValue {
  __entity_type__?: "CustomAttributeValue";
  __permissions?: Record<string, any>;
  configuration?: CustomAttributeConfiguration;
  readonly configuration_id: string;
  readonly entity_id: string;
  value?: string | number | boolean | string[];
}
export interface UserSecurityRole {
  __entity_type__?: "UserSecurityRole";
  __permissions?: Record<string, any>;
  readonly id: string;
  is_all_open_projects?: boolean;
  is_all_projects?: boolean;
  security_role?: SecurityRole;
  security_role_id?: string;
  user?: User;
  user_id?: string;
  user_security_role_projects?: UserSecurityRoleProject[];
}
export interface DashboardResource {
  __entity_type__?: "DashboardResource";
  __permissions?: Record<string, any>;
  dashboard?: Dashboard;
  readonly dashboard_id: string;
  resource?: Resource;
  readonly resource_id: string;
}
export interface Component {
  __entity_type__?: "Component";
  __permissions?: Record<string, any>;
  component_locations?: ComponentLocation[];
  container?: ContainerComponent;
  container_id?: string;
  custom_attribute_links?: CustomAttributeLink[];
  custom_attribute_links_from?: CustomAttributeLinkFrom[];
  file_type?: string;
  readonly id: string;
  metadata?: Metadata[];
  name: string;
  size?: number;
  system_type: string;
  version?: AssetVersion;
  version_id?: string;
}
export interface NoteAnnotationComponent
  extends Omit<NoteComponent, "__entity_type__" | "__permissions"> {
  __entity_type__?: "NoteAnnotationComponent";
  __permissions?: Record<string, any>;
  data?: object;
}
export interface SequenceComponent
  extends Omit<ContainerComponent, "__entity_type__" | "__permissions"> {
  __entity_type__?: "SequenceComponent";
  __permissions?: Record<string, any>;
  padding: number;
}
export interface Collaborator
  extends Omit<BaseUser, "__entity_type__" | "__permissions"> {
  __entity_type__?: "Collaborator";
  __permissions?: Record<string, any>;
  created_from_shared_url?: string;
}
export interface CustomAttributeConfiguration
  extends Omit<
    CustomConfigurationBase,
    "__entity_type__" | "__permissions" | "type"
  > {
  __entity_type__?: "CustomAttributeConfiguration";
  __permissions?: Record<string, any>;
  default?: string | number | boolean | string[];
  is_hierarchical?: boolean;
  type?: TypeFor<"CustomAttributeConfiguration">;
  type_id?: string;
  values?: CustomAttributeValue[];
}
export interface Status {
  __entity_type__?: "Status";
  __permissions?: Record<string, any>;
  color?: string;
  readonly id: string;
  is_active: boolean;
  name?: string;
  sort?: number;
  state?: State;
  tasks?: Task[];
}
export interface Scope {
  __entity_type__?: "Scope";
  __permissions?: Record<string, any>;
  readonly id: string;
  name: string;
}
export interface StatusRuleGroup {
  __entity_type__?: "StatusRuleGroup";
  __permissions?: Record<string, any>;
  entity_type: string;
  readonly id: string;
  role?: SecurityRole;
  role_id?: string;
  schema?: ProjectSchema;
  schema_id: string;
  status?: Status;
  status_id: string;
  status_rules?: StatusRule[];
}
export interface TypedContextForSubtype<K extends TypedContextSubtype>
  extends Omit<
    Context,
    "__entity_type__" | "__permissions" | "custom_attributes" | "type"
  > {
  __entity_type__?: K;
  __permissions?: Record<string, any>;
  ancestors?: TypedContext[];
  bid: number;
  readonly bid_time_logged_difference?: number;
  descendants?: TypedContext[];
  description?: string;
  end_date?: string;
  incoming_links?: TypedContextLink[];
  lists?: TypedContextList[];
  metadata?: Metadata[];
  object_type?: ObjectTypeFor<K>;
  object_type_id: string;
  outgoing_links?: TypedContextLink[];
  priority?: Priority;
  priority_id: string;
  project?: Project;
  sort: number;
  split_parts?: SplitTaskPart[];
  start_date?: string;
  status?: Status;
  status_changes?: StatusChange[];
  status_id: string;
  readonly thumbnail_source_id?: string;
  readonly time_logged?: number;
  type?: TypeFor<K>;
  type_id: string;
}
export interface Manager {
  __entity_type__?: "Manager";
  __permissions?: Record<string, any>;
  context?: Context;
  context_id?: string;
  readonly id: string;
  type?: TypeFor<"Manager">;
  type_id?: string;
  user?: User;
  user_id?: string;
}
export interface CustomConfigurationBase {
  __entity_type__?: "CustomConfigurationBase";
  __permissions?: Record<string, any>;
  config: string;
  core: boolean;
  entity_type?: string;
  group?: CustomAttributeGroup;
  group_id?: string;
  readonly id: string;
  key?: string;
  label?: string;
  object_type?: ObjectType;
  object_type_id?: string;
  project_id?: string;
  read_security_roles?: SecurityRole[];
  sort?: number;
  write_security_roles?: SecurityRole[];
}
export interface AssetVersionLink {
  __entity_type__?: "AssetVersionLink";
  __permissions?: Record<string, any>;
  from?: AssetVersion;
  from_id: string;
  readonly id: string;
  metadata?: Metadata[];
  to?: AssetVersion;
  to_id: string;
}
export interface ReviewSessionObjectAnnotation {
  __entity_type__?: "ReviewSessionObjectAnnotation";
  __permissions?: Record<string, any>;
  created_at: string;
  data?: string;
  frame_number: number;
  readonly id: string;
  review_session_object?: ReviewSessionObject;
  review_session_object_id?: string;
  updated_at?: string;
}
export interface TypedContextList
  extends Omit<
    List,
    "__entity_type__" | "__permissions" | "custom_attributes"
  > {
  __entity_type__?: "TypedContextList";
  __permissions?: Record<string, any>;
  items?: Task[];
}
export interface NoteLabelLink {
  __entity_type__?: "NoteLabelLink";
  __permissions?: Record<string, any>;
  label?: NoteLabel;
  readonly label_id: string;
  note?: Note;
  readonly note_id: string;
}
export interface TypedContextStatusChange
  extends Omit<StatusChange, "__entity_type__" | "__permissions"> {
  __entity_type__?: "TypedContextStatusChange";
  __permissions?: Record<string, any>;
  parent?: TypedContext;
}
export interface CustomAttributeLinkConfiguration
  extends Omit<CustomConfigurationBase, "__entity_type__" | "__permissions"> {
  __entity_type__?: "CustomAttributeLinkConfiguration";
  __permissions?: Record<string, any>;
  readonly entity_type_to: string;
  readonly object_type_id_to?: string;
  object_type_to?: ObjectType;
  one_to_one?: boolean;
}
export interface ContainerComponent
  extends Omit<Component, "__entity_type__" | "__permissions"> {
  __entity_type__?: "ContainerComponent";
  __permissions?: Record<string, any>;
  members?: Component[];
}
export interface AssetVersion {
  __entity_type__?: "AssetVersion";
  __permissions?: Record<string, any>;
  asset?: Asset;
  asset_id?: string;
  comment?: string;
  components?: Component[];
  custom_attribute_links?: CustomAttributeLink[];
  custom_attribute_links_from?: CustomAttributeLinkFrom[];
  custom_attributes?: Array<TypedContextCustomAttributesMap["AssetVersion"]>;
  date?: string;
  readonly id: string;
  incoming_links?: AssetVersionLink[];
  readonly is_latest_version?: boolean;
  is_published: boolean;
  readonly link?: string;
  lists?: AssetVersionList[];
  metadata?: Metadata[];
  notes?: Note[];
  outgoing_links?: AssetVersionLink[];
  project_id?: string;
  review_session_objects?: ReviewSessionObject[];
  status?: Status;
  status_changes?: StatusChange[];
  status_id: string;
  task?: Task;
  task_id?: string;
  thumbnail?: Component;
  thumbnail_id?: string;
  readonly thumbnail_url?: object;
  used_in_versions?: AssetVersion[];
  user?: User;
  user_id?: string;
  uses_versions?: AssetVersion[];
  version?: number;
}
export interface SecurityRole {
  __entity_type__?: "SecurityRole";
  __permissions?: Record<string, any>;
  readonly id: string;
  name?: string;
  type?: TypeFor<"SecurityRole">;
  user_security_roles?: UserSecurityRole[];
}
export interface UserApplicationState {
  __entity_type__?: "UserApplicationState";
  __permissions?: Record<string, any>;
  readonly key: string;
  readonly user_id: string;
  value: string;
}
export interface ReviewSessionInvitee {
  __entity_type__?: "ReviewSessionInvitee";
  __permissions?: Record<string, any>;
  created_at: string;
  created_by?: User;
  created_by_id: string;
  readonly created_from_shared_url?: boolean;
  email: string;
  readonly id: string;
  last_sent_at?: string;
  name: string;
  resource?: Resource;
  resource_id?: string;
  review_session?: ReviewSession;
  review_session_id: string;
  statuses?: ReviewSessionObjectStatus[];
}
export interface Note {
  __entity_type__?: "Note";
  __permissions?: Record<string, any>;
  author?: BaseUser;
  category?: NoteCategory;
  category_id?: string;
  completed_at?: string;
  completed_by?: User;
  completed_by_id?: string;
  content?: string;
  date?: string;
  frame_number?: number;
  readonly id: string;
  in_reply_to?: Note;
  in_reply_to_id?: string;
  is_todo?: boolean;
  metadata?: Metadata[];
  note_components?: NoteComponent[];
  note_label_links?: NoteLabelLink[];
  parent_id?: string;
  parent_type?: string;
  project?: Project;
  project_id?: string;
  recipients?: Recipient[];
  replies?: Note[];
  thread_activity?: string;
  user_id: string;
}
export interface Event {
  __entity_type__?: "Event";
  __permissions?: Record<string, any>;
  action?: string;
  created_at?: string;
  data?: string;
  feeds?: Feed[];
  readonly id: number;
  insert?: string;
  parent_id?: string;
  parent_type?: string;
  project?: Project;
  project_id?: string;
  user?: User;
  user_id?: string;
}
export interface ListObject {
  __entity_type__?: "ListObject";
  __permissions?: Record<string, any>;
  custom_attributes?: Array<TypedContextCustomAttributesMap["ListObject"]>;
  entity_id: string;
  readonly id: string;
  list?: List;
  list_id: string;
}
export interface AssetVersionList
  extends Omit<
    List,
    "__entity_type__" | "__permissions" | "custom_attributes"
  > {
  __entity_type__?: "AssetVersionList";
  __permissions?: Record<string, any>;
  items?: AssetVersion[];
}
export interface UserSession {
  __entity_type__?: "UserSession";
  __permissions?: Record<string, any>;
  accessed_time?: string;
  creation_time?: string;
  readonly id: string;
  user?: User;
  user_id?: string;
}
export interface EntitySetting {
  __entity_type__?: "EntitySetting";
  __permissions?: Record<string, any>;
  readonly group: string;
  readonly name: string;
  readonly parent_id: string;
  parent_type: string;
  value: string;
}
export interface Disk {
  __entity_type__?: "Disk";
  __permissions?: Record<string, any>;
  readonly id: string;
  name: string;
  projects?: Project[];
  unix?: string;
  windows?: string;
}
export interface Job {
  __entity_type__?: "Job";
  __permissions?: Record<string, any>;
  created_at?: string;
  data?: string;
  finished_at?: string;
  readonly id: string;
  job_components?: JobComponent[];
  status: string;
  readonly type: TypeFor<"Job">;
  user?: User;
  user_id?: string;
}
export interface TaskTemplateItem {
  __entity_type__?: "TaskTemplateItem";
  __permissions?: Record<string, any>;
  readonly id: string;
  task_type?: Type;
  task_type_id: string;
  template?: TaskTemplate;
  template_id: string;
}
export interface ProjectSchemaOverride {
  __entity_type__?: "ProjectSchemaOverride";
  __permissions?: Record<string, any>;
  readonly id: string;
  project_schema_id?: string;
  type_id?: string;
  workflow_schema?: WorkflowSchema;
  workflow_schema_id?: string;
}
export interface User
  extends Omit<
    BaseUser,
    "__entity_type__" | "__permissions" | "custom_attributes"
  > {
  __entity_type__?: "User";
  __permissions?: Record<string, any>;
  custom_attribute_links?: CustomAttributeLink[];
  custom_attribute_links_from?: CustomAttributeLinkFrom[];
  custom_attributes?: Array<TypedContextCustomAttributesMap["User"]>;
  is_active: boolean;
  is_otp_enabled?: boolean;
  is_totp_enabled?: boolean;
  memberships?: Membership[];
  metadata?: Metadata[];
  require_details_update?: boolean;
  timelogs?: Timelog[];
  user_security_roles?: UserSecurityRole[];
  user_type?: UserType;
  user_type_id?: string;
  username: string;
}
export interface Feed {
  __entity_type__?: "Feed";
  __permissions?: Record<string, any>;
  cluster_id?: string;
  created_at?: string;
  distance?: number;
  event?: Event;
  readonly id: string;
  owner_id?: string;
  relation?: string;
  social_id?: number;
}
export interface BaseUser
  extends Omit<Resource, "__entity_type__" | "__permissions"> {
  __entity_type__?: "BaseUser";
  __permissions?: Record<string, any>;
  email?: string;
  first_name?: string;
  last_name?: string;
  thumbnail?: Component;
  thumbnail_id?: string;
  readonly thumbnail_url?: object;
}
export interface ReviewSession {
  __entity_type__?: "ReviewSession";
  __permissions?: Record<string, any>;
  availability?: string;
  created_at: string;
  created_by?: User;
  created_by_id: string;
  description: string;
  end_date: string;
  readonly id: string;
  is_moderated?: boolean;
  readonly is_open?: boolean;
  name: string;
  passphrase?: string;
  passphrase_enabled?: boolean;
  project?: Project;
  project_id: string;
  review_session_folder?: ReviewSessionFolder;
  review_session_folder_id?: string;
  review_session_invitees?: ReviewSessionInvitee[];
  review_session_objects?: ReviewSessionObject[];
  settings?: EntitySetting[];
  shareable_url_enabled?: boolean;
  start_date: string;
  readonly thumbnail_id?: string;
  thumbnail_source_id?: string;
  readonly thumbnail_url?: object;
}
export interface UserView {
  __entity_type__?: "UserView";
  __permissions?: Record<string, any>;
  global?: boolean;
  readonly id: string;
  name?: string;
  shared_with?: Resource[];
  user?: User;
  user_id?: string;
}
export interface Metadata {
  __entity_type__?: "Metadata";
  __permissions?: Record<string, any>;
  readonly key: string;
  readonly parent_id: string;
  parent_type: string;
  value: string;
}
export interface NoteCategory
  extends Omit<NoteLabel, "__entity_type__" | "__permissions"> {
  __entity_type__?: "NoteCategory";
  __permissions?: Record<string, any>;
}
export interface Type {
  __entity_type__?: "Type";
  __permissions?: Record<string, any>;
  color: string;
  readonly id: string;
  is_billable: boolean;
  name?: string;
  sort: number;
  task_type_schemas?: TaskTypeSchema[];
  tasks?: Task[];
}
export interface UserType {
  __entity_type__?: "UserType";
  __permissions?: Record<string, any>;
  readonly id: string;
  readonly name?: string;
}
export interface JobComponent {
  __entity_type__?: "JobComponent";
  __permissions?: Record<string, any>;
  component?: Component;
  readonly component_id: string;
  job?: Job;
  readonly job_id: string;
  readonly url?: object;
}
export interface ListCategory {
  __entity_type__?: "ListCategory";
  __permissions?: Record<string, any>;
  readonly id: string;
  lists?: List[];
  name?: string;
}
export interface WorkflowSchema {
  __entity_type__?: "WorkflowSchema";
  __permissions?: Record<string, any>;
  readonly id: string;
  name?: string;
  overrides?: ProjectSchemaOverride[];
  statuses?: Status[];
}
export interface ReviewSessionObjectStatus {
  __entity_type__?: "ReviewSessionObjectStatus";
  __permissions?: Record<string, any>;
  created_at: string;
  readonly id: string;
  invitee?: ReviewSessionInvitee;
  resource?: Resource;
  resource_id?: string;
  review_session_invitee_id?: string;
  review_session_object?: ReviewSessionObject;
  review_session_object_id?: string;
  status?: string;
}
export interface Context {
  __entity_type__?: "Context";
  __permissions?: Record<string, any>;
  allocations?: Appointment[];
  appointments?: Appointment[];
  assets?: Asset[];
  assignments?: Appointment[];
  children?: Context[];
  context_type: string;
  readonly created_at?: string;
  readonly created_by?: User;
  readonly created_by_id?: string;
  custom_attribute_links?: CustomAttributeLink[];
  custom_attribute_links_from?: CustomAttributeLinkFrom[];
  custom_attributes?: Array<TypedContextCustomAttributesMap["Context"]>;
  readonly id: string;
  readonly link?: string;
  managers?: Manager[];
  name: string;
  notes?: Note[];
  parent?: Context;
  parent_id?: string;
  project_id?: string;
  scopes?: Scope[];
  thumbnail?: Component;
  thumbnail_id?: string;
  readonly thumbnail_url?: object;
  timelogs?: Timelog[];
}
export interface Schema {
  __entity_type__?: "Schema";
  __permissions?: Record<string, any>;
  readonly id: string;
  object_type_id?: string;
  project_schema_id: string;
  statuses?: SchemaStatus[];
  type_id: string;
  types?: SchemaType[];
}
export interface WorkflowSchemaStatus {
  __entity_type__?: "WorkflowSchemaStatus";
  __permissions?: Record<string, any>;
  readonly status_id: string;
  readonly workflow_schema_id: string;
}
export interface SchemaType {
  __entity_type__?: "SchemaType";
  __permissions?: Record<string, any>;
  readonly schema_id: string;
  sort?: number;
  task_type?: Type;
  readonly type_id: string;
}
export interface Asset {
  __entity_type__?: "Asset";
  __permissions?: Record<string, any>;
  ancestors?: TypedContext[];
  context_id?: string;
  custom_attribute_links?: CustomAttributeLink[];
  custom_attribute_links_from?: CustomAttributeLinkFrom[];
  custom_attributes?: Array<TypedContextCustomAttributesMap["Asset"]>;
  readonly id: string;
  readonly latest_version?: AssetVersion;
  metadata?: Metadata[];
  name?: string;
  parent?: Context;
  project_id?: string;
  type?: TypeFor<"Asset">;
  type_id?: string;
  versions?: AssetVersion[];
}
export interface SettingComponent {
  __entity_type__?: "SettingComponent";
  __permissions?: Record<string, any>;
  component?: Component;
  readonly component_id: string;
  readonly group: string;
  readonly name: string;
  setting?: Setting;
  readonly thumbnail_url?: object;
  readonly url?: object;
}
export interface StatusRule {
  __entity_type__?: "StatusRule";
  __permissions?: Record<string, any>;
  readonly id: string;
  status?: Status;
  status_id: string;
  status_rule_group?: StatusRuleGroup;
  status_rule_group_id: string;
}
export interface ComponentLocation {
  __entity_type__?: "ComponentLocation";
  __permissions?: Record<string, any>;
  component?: Component;
  component_id?: string;
  readonly id: string;
  location?: Location;
  location_id?: string;
  resource_identifier?: string;
  readonly url?: object;
}
export interface ReviewSessionObjectAnnotationComponent {
  __entity_type__?: "ReviewSessionObjectAnnotationComponent";
  __permissions?: Record<string, any>;
  component?: Component;
  readonly component_id: string;
  readonly frame_number: string;
  review_session_object?: ReviewSessionObject;
  readonly review_session_object_id: string;
  readonly thumbnail_url?: object;
  readonly url?: object;
}
export interface CustomAttributeType {
  __entity_type__?: "CustomAttributeType";
  __permissions?: Record<string, any>;
  core: boolean;
  custom_attribute_configurations?: CustomAttributeConfiguration[];
  form_config?: string;
  readonly id: string;
  name?: string;
}
export interface Timelog {
  __entity_type__?: "Timelog";
  __permissions?: Record<string, any>;
  comment: string;
  context?: Context;
  context_id?: string;
  duration: number;
  readonly id: string;
  name?: string;
  start: string;
  time_zone_offset?: number;
  user?: User;
  user_id?: string;
}
export interface SchemaStatus {
  __entity_type__?: "SchemaStatus";
  __permissions?: Record<string, any>;
  readonly schema_id: string;
  sort?: number;
  readonly status_id: string;
  task_status?: Status;
}
export interface UserSecurityRoleProject {
  __entity_type__?: "UserSecurityRoleProject";
  __permissions?: Record<string, any>;
  readonly id: string;
  project?: Project;
  project_id?: string;
  user_security_role?: UserSecurityRole;
  user_security_role_id?: string;
}
export interface ObjectType {
  __entity_type__?: "ObjectType";
  __permissions?: Record<string, any>;
  icon: string;
  readonly id: string;
  is_leaf?: boolean;
  is_prioritizable?: boolean;
  is_schedulable: boolean;
  is_statusable: boolean;
  is_taskable: boolean;
  is_time_reportable: boolean;
  is_typeable: boolean;
  name: string;
  project_schemas?: ProjectSchema[];
  sort: number;
  tasks?: Task[];
}
export interface Project
  extends Omit<
    Context,
    "__entity_type__" | "__permissions" | "custom_attributes"
  > {
  __entity_type__?: "Project";
  __permissions?: Record<string, any>;
  calendar_events?: CalendarEvent[];
  color?: string;
  descendants?: TypedContext[];
  disk?: Disk;
  disk_id?: string;
  end_date?: string;
  full_name?: string;
  is_global: boolean;
  is_private?: boolean;
  metadata?: Metadata[];
  project_schema?: ProjectSchema;
  project_schema_id: string;
  review_session_folders?: ReviewSessionFolder[];
  review_sessions?: ReviewSession[];
  root?: string;
  start_date?: string;
  status: string;
  user_security_role_projects?: UserSecurityRoleProject[];
}
export interface TaskTemplate {
  __entity_type__?: "TaskTemplate";
  __permissions?: Record<string, any>;
  readonly id: string;
  items?: TaskTemplateItem[];
  name: string;
  project_schema?: ProjectSchema;
  project_schema_id: string;
}
export interface AssetVersionStatusChange
  extends Omit<StatusChange, "__entity_type__" | "__permissions"> {
  __entity_type__?: "AssetVersionStatusChange";
  __permissions?: Record<string, any>;
  parent?: AssetVersion;
}
export interface Setting {
  __entity_type__?: "Setting";
  __permissions?: Record<string, any>;
  readonly group: string;
  readonly name: string;
  value?: string;
}
export interface ApiKey {
  __entity_type__?: "ApiKey";
  __permissions?: Record<string, any>;
  readonly id: string;
  identifier?: string;
  prefix?: string;
  resource_id?: string;
}
export interface NoteLabel {
  __entity_type__?: "NoteLabel";
  __permissions?: Record<string, any>;
  color?: string;
  readonly id: string;
  name?: string;
  sort?: number;
}
export interface ManagerType {
  __entity_type__?: "ManagerType";
  __permissions?: Record<string, any>;
  readonly id: string;
  name?: string;
}
export interface Recipient {
  __entity_type__?: "Recipient";
  __permissions?: Record<string, any>;
  note?: Note;
  readonly note_id: string;
  recipient?: Resource;
  readonly resource_id: string;
  text_mentioned?: string;
  user?: User;
}
export interface NoteComponent {
  __entity_type__?: "NoteComponent";
  __permissions?: Record<string, any>;
  component?: Component;
  readonly component_id: string;
  note?: Note;
  readonly note_id: string;
  readonly thumbnail_url?: object;
  readonly url?: object;
}
export interface ProjectSchemaObjectType {
  __entity_type__?: "ProjectSchemaObjectType";
  __permissions?: Record<string, any>;
  object_type?: ObjectType;
  readonly object_type_id: string;
  project_schema?: ProjectSchema;
  readonly project_schema_id: string;
}
export interface List {
  __entity_type__?: "List";
  __permissions?: Record<string, any>;
  category?: ListCategory;
  category_id: string;
  custom_attribute_links?: CustomAttributeLink[];
  custom_attribute_links_from?: CustomAttributeLinkFrom[];
  custom_attributes?: Array<TypedContextCustomAttributesMap["List"]>;
  date?: string;
  readonly id: string;
  is_open: boolean;
  name?: string;
  owner?: User;
  project?: Project;
  project_id: string;
  system_type?: string;
  user_id?: string;
}
export interface SplitTaskPart {
  __entity_type__?: "SplitTaskPart";
  __permissions?: Record<string, any>;
  end_date: string;
  readonly id: string;
  label?: string;
  start_date: string;
  task?: Task;
  task_id: string;
}
export interface Resource {
  __entity_type__?: "Resource";
  __permissions?: Record<string, any>;
  allocations?: Appointment[];
  appointments?: Appointment[];
  assignments?: Appointment[];
  dashboard_resources?: DashboardResource[];
  readonly id: string;
  resource_type: string;
}
export interface TaskTypeSchemaType {
  __entity_type__?: "TaskTypeSchemaType";
  __permissions?: Record<string, any>;
  readonly task_type_schema_id: string;
  readonly type_id: string;
}
export interface Priority {
  __entity_type__?: "Priority";
  __permissions?: Record<string, any>;
  color?: string;
  readonly id: string;
  name?: string;
  sort?: number;
  tasks?: Task[];
  value?: number;
}
export type Milestone = TypedContextForSubtype<"Milestone">;

export type Task = TypedContextForSubtype<"Task">;

export type Episode = TypedContextForSubtype<"Episode">;

export type Scene = TypedContextForSubtype<"Scene">;

export type Folder = TypedContextForSubtype<"Folder">;

export type Image = TypedContextForSubtype<"Image">;

export type AssetBuild = TypedContextForSubtype<"AssetBuild">;

export type Shot = TypedContextForSubtype<"Shot">;

export type Sequence = TypedContextForSubtype<"Sequence">;

export type Information = TypedContextForSubtype<"Information">;
export interface ContextCustomAttributeValue {
  __entity_type__?: "ContextCustomAttributeValue";
  __permissions?: Record<string, any>;
  configuration?: CustomAttributeConfiguration;
  readonly configuration_id: string;
  readonly entity_id: string;
  key?: string;
  value?: string | number | boolean | string[];
}
export interface AssetVersionCustomAttributeValue {
  __entity_type__?: "AssetVersionCustomAttributeValue";
  __permissions?: Record<string, any>;
  configuration?: CustomAttributeConfiguration;
  readonly configuration_id: string;
  readonly entity_id: string;
  key?: string;
  value?: string | number | boolean | string[];
}
export interface ListCustomAttributeValue {
  __entity_type__?: "ListCustomAttributeValue";
  __permissions?: Record<string, any>;
  configuration?: CustomAttributeConfiguration;
  readonly configuration_id: string;
  readonly entity_id: string;
  key?: string;
  value?: string | number | boolean | string[];
}
export interface ListObjectCustomAttributeValue {
  __entity_type__?: "ListObjectCustomAttributeValue";
  __permissions?: Record<string, any>;
  configuration?: CustomAttributeConfiguration;
  readonly configuration_id: string;
  readonly entity_id: string;
  key?: string;
  value?: string | number | boolean | string[];
}
export interface UserCustomAttributeValue {
  __entity_type__?: "UserCustomAttributeValue";
  __permissions?: Record<string, any>;
  configuration?: CustomAttributeConfiguration;
  readonly configuration_id: string;
  readonly entity_id: string;
  key?: string;
  value?: string | number | boolean | string[];
}
export interface AssetCustomAttributeValue {
  __entity_type__?: "AssetCustomAttributeValue";
  __permissions?: Record<string, any>;
  configuration?: CustomAttributeConfiguration;
  readonly configuration_id: string;
  readonly entity_id: string;
  key?: string;
  value?: string | number | boolean | string[];
}
export interface ContextCustomAttributeLink
  extends Omit<CustomAttributeLink, "__entity_type__" | "__permissions"> {
  __entity_type__?: "ContextCustomAttributeLink";
  __permissions?: Record<string, any>;
  context?: Context;
}
export interface ContextCustomAttributeLinkFrom
  extends Omit<CustomAttributeLinkFrom, "__entity_type__" | "__permissions"> {
  __entity_type__?: "ContextCustomAttributeLinkFrom";
  __permissions?: Record<string, any>;
  context?: Context;
}
export interface AssetVersionCustomAttributeLink
  extends Omit<CustomAttributeLink, "__entity_type__" | "__permissions"> {
  __entity_type__?: "AssetVersionCustomAttributeLink";
  __permissions?: Record<string, any>;
  asset_version?: AssetVersion;
}
export interface AssetVersionCustomAttributeLinkFrom
  extends Omit<CustomAttributeLinkFrom, "__entity_type__" | "__permissions"> {
  __entity_type__?: "AssetVersionCustomAttributeLinkFrom";
  __permissions?: Record<string, any>;
  asset_version?: AssetVersion;
}
export interface ListCustomAttributeLink
  extends Omit<CustomAttributeLink, "__entity_type__" | "__permissions"> {
  __entity_type__?: "ListCustomAttributeLink";
  __permissions?: Record<string, any>;
  list?: List;
}
export interface ListCustomAttributeLinkFrom
  extends Omit<CustomAttributeLinkFrom, "__entity_type__" | "__permissions"> {
  __entity_type__?: "ListCustomAttributeLinkFrom";
  __permissions?: Record<string, any>;
  list?: List;
}
export interface UserCustomAttributeLink
  extends Omit<CustomAttributeLink, "__entity_type__" | "__permissions"> {
  __entity_type__?: "UserCustomAttributeLink";
  __permissions?: Record<string, any>;
  user?: User;
}
export interface UserCustomAttributeLinkFrom
  extends Omit<CustomAttributeLinkFrom, "__entity_type__" | "__permissions"> {
  __entity_type__?: "UserCustomAttributeLinkFrom";
  __permissions?: Record<string, any>;
  user?: User;
}
export interface GroupCustomAttributeLink
  extends Omit<CustomAttributeLink, "__entity_type__" | "__permissions"> {
  __entity_type__?: "GroupCustomAttributeLink";
  __permissions?: Record<string, any>;
  group?: Group;
}
export interface GroupCustomAttributeLinkFrom
  extends Omit<CustomAttributeLinkFrom, "__entity_type__" | "__permissions"> {
  __entity_type__?: "GroupCustomAttributeLinkFrom";
  __permissions?: Record<string, any>;
  group?: Group;
}
export interface AssetCustomAttributeLink
  extends Omit<CustomAttributeLink, "__entity_type__" | "__permissions"> {
  __entity_type__?: "AssetCustomAttributeLink";
  __permissions?: Record<string, any>;
  asset?: Asset;
}
export interface AssetCustomAttributeLinkFrom
  extends Omit<CustomAttributeLinkFrom, "__entity_type__" | "__permissions"> {
  __entity_type__?: "AssetCustomAttributeLinkFrom";
  __permissions?: Record<string, any>;
  asset?: Asset;
}
export interface ComponentCustomAttributeLink
  extends Omit<CustomAttributeLink, "__entity_type__" | "__permissions"> {
  __entity_type__?: "ComponentCustomAttributeLink";
  __permissions?: Record<string, any>;
  component?: Component;
}
export interface ComponentCustomAttributeLinkFrom
  extends Omit<CustomAttributeLinkFrom, "__entity_type__" | "__permissions"> {
  __entity_type__?: "ComponentCustomAttributeLinkFrom";
  __permissions?: Record<string, any>;
  component?: Component;
}
export interface BasicLink {
  id: string;
  type: string;
  name: string;
}

export interface EntityTypeMap {
  Dashboard: Dashboard;
  Timer: Timer;
  StatusChange: StatusChange;
  TypedContextStatusRuleGroup: TypedContextStatusRuleGroup;
  CalendarEventResource: CalendarEventResource;
  FileComponent: FileComponent;
  State: State;
  AssetType: AssetType;
  Group: Group;
  TypedContextLink: TypedContextLink;
  CalendarEvent: CalendarEvent;
  CustomAttributeLink: CustomAttributeLink;
  Membership: Membership;
  DashboardWidget: DashboardWidget;
  AssetVersionStatusRuleGroup: AssetVersionStatusRuleGroup;
  ReviewSessionObject: ReviewSessionObject;
  ProjectSchema: ProjectSchema;
  Appointment: Appointment;
  TaskTypeSchema: TaskTypeSchema;
  ReviewSessionFolder: ReviewSessionFolder;
  CustomAttributeLinkFrom: CustomAttributeLinkFrom;
  Location: Location;
  CustomAttributeGroup: CustomAttributeGroup;
  CustomAttributeValue: CustomAttributeValue;
  UserSecurityRole: UserSecurityRole;
  DashboardResource: DashboardResource;
  Component: Component;
  NoteAnnotationComponent: NoteAnnotationComponent;
  SequenceComponent: SequenceComponent;
  Collaborator: Collaborator;
  CustomAttributeConfiguration: CustomAttributeConfiguration;
  Status: Status;
  Scope: Scope;
  StatusRuleGroup: StatusRuleGroup;
  TypedContext: TypedContext;
  Manager: Manager;
  CustomConfigurationBase: CustomConfigurationBase;
  AssetVersionLink: AssetVersionLink;
  ReviewSessionObjectAnnotation: ReviewSessionObjectAnnotation;
  TypedContextList: TypedContextList;
  NoteLabelLink: NoteLabelLink;
  TypedContextStatusChange: TypedContextStatusChange;
  CustomAttributeLinkConfiguration: CustomAttributeLinkConfiguration;
  ContainerComponent: ContainerComponent;
  AssetVersion: AssetVersion;
  SecurityRole: SecurityRole;
  UserApplicationState: UserApplicationState;
  ReviewSessionInvitee: ReviewSessionInvitee;
  Note: Note;
  Event: Event;
  ListObject: ListObject;
  AssetVersionList: AssetVersionList;
  UserSession: UserSession;
  EntitySetting: EntitySetting;
  Disk: Disk;
  Job: Job;
  TaskTemplateItem: TaskTemplateItem;
  ProjectSchemaOverride: ProjectSchemaOverride;
  User: User;
  Feed: Feed;
  BaseUser: BaseUser;
  ReviewSession: ReviewSession;
  UserView: UserView;
  Metadata: Metadata;
  NoteCategory: NoteCategory;
  Type: Type;
  UserType: UserType;
  JobComponent: JobComponent;
  ListCategory: ListCategory;
  WorkflowSchema: WorkflowSchema;
  ReviewSessionObjectStatus: ReviewSessionObjectStatus;
  Context: Context;
  Schema: Schema;
  WorkflowSchemaStatus: WorkflowSchemaStatus;
  SchemaType: SchemaType;
  Asset: Asset;
  SettingComponent: SettingComponent;
  StatusRule: StatusRule;
  ComponentLocation: ComponentLocation;
  ReviewSessionObjectAnnotationComponent: ReviewSessionObjectAnnotationComponent;
  CustomAttributeType: CustomAttributeType;
  Timelog: Timelog;
  SchemaStatus: SchemaStatus;
  UserSecurityRoleProject: UserSecurityRoleProject;
  ObjectType: ObjectType;
  Project: Project;
  TaskTemplate: TaskTemplate;
  AssetVersionStatusChange: AssetVersionStatusChange;
  Setting: Setting;
  ApiKey: ApiKey;
  NoteLabel: NoteLabel;
  ManagerType: ManagerType;
  Recipient: Recipient;
  NoteComponent: NoteComponent;
  ProjectSchemaObjectType: ProjectSchemaObjectType;
  List: List;
  SplitTaskPart: SplitTaskPart;
  Resource: Resource;
  TaskTypeSchemaType: TaskTypeSchemaType;
  Priority: Priority;
  Milestone: Milestone;
  Task: Task;
  Episode: Episode;
  Scene: Scene;
  Folder: Folder;
  Image: Image;
  AssetBuild: AssetBuild;
  Shot: Shot;
  Sequence: Sequence;
  Information: Information;
  ContextCustomAttributeValue: ContextCustomAttributeValue;
  AssetVersionCustomAttributeValue: AssetVersionCustomAttributeValue;
  ListCustomAttributeValue: ListCustomAttributeValue;
  ListObjectCustomAttributeValue: ListObjectCustomAttributeValue;
  UserCustomAttributeValue: UserCustomAttributeValue;
  AssetCustomAttributeValue: AssetCustomAttributeValue;
  ContextCustomAttributeLink: ContextCustomAttributeLink;
  ContextCustomAttributeLinkFrom: ContextCustomAttributeLinkFrom;
  AssetVersionCustomAttributeLink: AssetVersionCustomAttributeLink;
  AssetVersionCustomAttributeLinkFrom: AssetVersionCustomAttributeLinkFrom;
  ListCustomAttributeLink: ListCustomAttributeLink;
  ListCustomAttributeLinkFrom: ListCustomAttributeLinkFrom;
  UserCustomAttributeLink: UserCustomAttributeLink;
  UserCustomAttributeLinkFrom: UserCustomAttributeLinkFrom;
  GroupCustomAttributeLink: GroupCustomAttributeLink;
  GroupCustomAttributeLinkFrom: GroupCustomAttributeLinkFrom;
  AssetCustomAttributeLink: AssetCustomAttributeLink;
  AssetCustomAttributeLinkFrom: AssetCustomAttributeLinkFrom;
  ComponentCustomAttributeLink: ComponentCustomAttributeLink;
  ComponentCustomAttributeLinkFrom: ComponentCustomAttributeLinkFrom;
}

export type EntityType = keyof EntityTypeMap;
export type EntityData<TEntityType extends EntityType = EntityType> =
  EntityTypeMap[TEntityType];

export interface TypedContextSubtypeMap {
  Milestone: Milestone;
  Task: Task;
  Episode: Episode;
  Scene: Scene;
  Folder: Folder;
  Image: Image;
  AssetBuild: AssetBuild;
  Shot: Shot;
  Sequence: Sequence;
  Information: Information;
}
export type TypedContextSubtype = keyof TypedContextSubtypeMap;

export type TypedContext = TypedContextSubtypeMap[TypedContextSubtype];

export function getAttributeConfigurations() {
  return [
    {
      name: "somedynamicenumerator",
      type: "dynamic enumerator",
      label: "Some Dynamic Enumerator",
      entityType: "show",
      default: [],
      objectType: undefined,
      isHierarchical: true,
    },
    {
      name: "somedate",
      type: "date",
      label: "Some Date",
      entityType: "show",
      default: "2024-06-22T00:00:00.000Z",
      objectType: undefined,
      isHierarchical: true,
    },
    {
      name: "sometext",
      type: "text",
      label: "Some Text",
      entityType: "show",
      default: "",
      objectType: undefined,
      isHierarchical: true,
    },
    {
      name: "someurl",
      type: "url",
      label: "Some URL",
      entityType: "asset",
      default: null,
      objectType: undefined,
      isHierarchical: false,
    },
    {
      name: "someenumerator",
      type: "enumerator",
      label: "Some Enumerator",
      entityType: "show",
      default: ["value1"],
      objectType: undefined,
      isHierarchical: true,
    },
    {
      name: "someboolean",
      type: "boolean",
      label: "Some Boolean",
      entityType: "show",
      default: false,
      objectType: undefined,
      isHierarchical: true,
    },
    {
      name: "fend",
      type: "number",
      label: "Frame end",
      entityType: "task",
      default: 1,
      objectType: "Shot",
      isHierarchical: false,
    },
    {
      name: "handles",
      type: "number",
      label: "Frame handles",
      entityType: "task",
      default: 0,
      objectType: "Shot",
      isHierarchical: false,
    },
    {
      name: "duration",
      type: "expression",
      label: "Frame duration",
      entityType: "task",
      default: "{self.fend - self.fstart + 1}",
      objectType: "Shot",
      isHierarchical: false,
    },
    {
      name: "fstart",
      type: "number",
      label: "Frame start",
      entityType: "task",
      default: 1,
      objectType: "Shot",
      isHierarchical: false,
    },
    {
      name: "fps",
      type: "number",
      label: "fps",
      entityType: "show",
      default: 24,
      objectType: undefined,
      isHierarchical: false,
    },
    {
      name: "fps",
      type: "number",
      label: "fps",
      entityType: "task",
      default: 25,
      objectType: "Sequence",
      isHierarchical: false,
    },
    {
      name: "fps",
      type: "number",
      label: "fps",
      entityType: "task",
      default: 25,
      objectType: "Shot",
      isHierarchical: false,
    },
  ] as const;
}

export type RuntimeCustomAttributeConfiguration = ReturnType<
  typeof getAttributeConfigurations
>[number];
export type RuntimeCustomAttributeConfigurationName =
  RuntimeCustomAttributeConfiguration["name"];
export type RuntimeCustomAttributeConfigurationLabel =
  RuntimeCustomAttributeConfiguration["label"];

type BaseCustomAttributeValue = Omit<
  ContextCustomAttributeValue,
  "key" | "value"
>;

export interface TypedCustomAttributeValueMap {
  somedynamicenumerator: string[];
  somedate: string;
  sometext: string;
  someurl: string;
  someenumerator: string[];
  someboolean: boolean;
  fend: number;
  handles: number;
  duration: string;
  fstart: number;
  fps: number;
}

export type TypedCustomAttributeValue<
  K extends keyof TypedCustomAttributeValueMap
> = BaseCustomAttributeValue & {
  key: K;
  value: TypedCustomAttributeValueMap[K];
};

export type TypedContextCustomAttributesMap = {
  Dashboard:
    | TypedCustomAttributeValue<"somedynamicenumerator">
    | TypedCustomAttributeValue<"somedate">
    | TypedCustomAttributeValue<"sometext">
    | TypedCustomAttributeValue<"someenumerator">
    | TypedCustomAttributeValue<"someboolean">;
  Timer:
    | TypedCustomAttributeValue<"somedynamicenumerator">
    | TypedCustomAttributeValue<"somedate">
    | TypedCustomAttributeValue<"sometext">
    | TypedCustomAttributeValue<"someenumerator">
    | TypedCustomAttributeValue<"someboolean">;
  StatusChange:
    | TypedCustomAttributeValue<"somedynamicenumerator">
    | TypedCustomAttributeValue<"somedate">
    | TypedCustomAttributeValue<"sometext">
    | TypedCustomAttributeValue<"someenumerator">
    | TypedCustomAttributeValue<"someboolean">;
  TypedContextStatusRuleGroup:
    | TypedCustomAttributeValue<"somedynamicenumerator">
    | TypedCustomAttributeValue<"somedate">
    | TypedCustomAttributeValue<"sometext">
    | TypedCustomAttributeValue<"someenumerator">
    | TypedCustomAttributeValue<"someboolean">;
  CalendarEventResource:
    | TypedCustomAttributeValue<"somedynamicenumerator">
    | TypedCustomAttributeValue<"somedate">
    | TypedCustomAttributeValue<"sometext">
    | TypedCustomAttributeValue<"someenumerator">
    | TypedCustomAttributeValue<"someboolean">;
  FileComponent:
    | TypedCustomAttributeValue<"somedynamicenumerator">
    | TypedCustomAttributeValue<"somedate">
    | TypedCustomAttributeValue<"sometext">
    | TypedCustomAttributeValue<"someenumerator">
    | TypedCustomAttributeValue<"someboolean">;
  State:
    | TypedCustomAttributeValue<"somedynamicenumerator">
    | TypedCustomAttributeValue<"somedate">
    | TypedCustomAttributeValue<"sometext">
    | TypedCustomAttributeValue<"someenumerator">
    | TypedCustomAttributeValue<"someboolean">;
  AssetType:
    | TypedCustomAttributeValue<"somedynamicenumerator">
    | TypedCustomAttributeValue<"somedate">
    | TypedCustomAttributeValue<"sometext">
    | TypedCustomAttributeValue<"someenumerator">
    | TypedCustomAttributeValue<"someboolean">;
  Group:
    | TypedCustomAttributeValue<"somedynamicenumerator">
    | TypedCustomAttributeValue<"somedate">
    | TypedCustomAttributeValue<"sometext">
    | TypedCustomAttributeValue<"someenumerator">
    | TypedCustomAttributeValue<"someboolean">;
  TypedContextLink:
    | TypedCustomAttributeValue<"somedynamicenumerator">
    | TypedCustomAttributeValue<"somedate">
    | TypedCustomAttributeValue<"sometext">
    | TypedCustomAttributeValue<"someenumerator">
    | TypedCustomAttributeValue<"someboolean">;
  CalendarEvent:
    | TypedCustomAttributeValue<"somedynamicenumerator">
    | TypedCustomAttributeValue<"somedate">
    | TypedCustomAttributeValue<"sometext">
    | TypedCustomAttributeValue<"someenumerator">
    | TypedCustomAttributeValue<"someboolean">;
  CustomAttributeLink:
    | TypedCustomAttributeValue<"somedynamicenumerator">
    | TypedCustomAttributeValue<"somedate">
    | TypedCustomAttributeValue<"sometext">
    | TypedCustomAttributeValue<"someenumerator">
    | TypedCustomAttributeValue<"someboolean">;
  Membership:
    | TypedCustomAttributeValue<"somedynamicenumerator">
    | TypedCustomAttributeValue<"somedate">
    | TypedCustomAttributeValue<"sometext">
    | TypedCustomAttributeValue<"someenumerator">
    | TypedCustomAttributeValue<"someboolean">;
  DashboardWidget:
    | TypedCustomAttributeValue<"somedynamicenumerator">
    | TypedCustomAttributeValue<"somedate">
    | TypedCustomAttributeValue<"sometext">
    | TypedCustomAttributeValue<"someenumerator">
    | TypedCustomAttributeValue<"someboolean">;
  AssetVersionStatusRuleGroup:
    | TypedCustomAttributeValue<"somedynamicenumerator">
    | TypedCustomAttributeValue<"somedate">
    | TypedCustomAttributeValue<"sometext">
    | TypedCustomAttributeValue<"someenumerator">
    | TypedCustomAttributeValue<"someboolean">;
  ReviewSessionObject:
    | TypedCustomAttributeValue<"somedynamicenumerator">
    | TypedCustomAttributeValue<"somedate">
    | TypedCustomAttributeValue<"sometext">
    | TypedCustomAttributeValue<"someenumerator">
    | TypedCustomAttributeValue<"someboolean">;
  ProjectSchema:
    | TypedCustomAttributeValue<"somedynamicenumerator">
    | TypedCustomAttributeValue<"somedate">
    | TypedCustomAttributeValue<"sometext">
    | TypedCustomAttributeValue<"someenumerator">
    | TypedCustomAttributeValue<"someboolean">;
  Appointment:
    | TypedCustomAttributeValue<"somedynamicenumerator">
    | TypedCustomAttributeValue<"somedate">
    | TypedCustomAttributeValue<"sometext">
    | TypedCustomAttributeValue<"someenumerator">
    | TypedCustomAttributeValue<"someboolean">;
  TaskTypeSchema:
    | TypedCustomAttributeValue<"somedynamicenumerator">
    | TypedCustomAttributeValue<"somedate">
    | TypedCustomAttributeValue<"sometext">
    | TypedCustomAttributeValue<"someenumerator">
    | TypedCustomAttributeValue<"someboolean">;
  ReviewSessionFolder:
    | TypedCustomAttributeValue<"somedynamicenumerator">
    | TypedCustomAttributeValue<"somedate">
    | TypedCustomAttributeValue<"sometext">
    | TypedCustomAttributeValue<"someenumerator">
    | TypedCustomAttributeValue<"someboolean">;
  CustomAttributeLinkFrom:
    | TypedCustomAttributeValue<"somedynamicenumerator">
    | TypedCustomAttributeValue<"somedate">
    | TypedCustomAttributeValue<"sometext">
    | TypedCustomAttributeValue<"someenumerator">
    | TypedCustomAttributeValue<"someboolean">;
  Location:
    | TypedCustomAttributeValue<"somedynamicenumerator">
    | TypedCustomAttributeValue<"somedate">
    | TypedCustomAttributeValue<"sometext">
    | TypedCustomAttributeValue<"someenumerator">
    | TypedCustomAttributeValue<"someboolean">;
  CustomAttributeGroup:
    | TypedCustomAttributeValue<"somedynamicenumerator">
    | TypedCustomAttributeValue<"somedate">
    | TypedCustomAttributeValue<"sometext">
    | TypedCustomAttributeValue<"someenumerator">
    | TypedCustomAttributeValue<"someboolean">;
  CustomAttributeValue:
    | TypedCustomAttributeValue<"somedynamicenumerator">
    | TypedCustomAttributeValue<"somedate">
    | TypedCustomAttributeValue<"sometext">
    | TypedCustomAttributeValue<"someenumerator">
    | TypedCustomAttributeValue<"someboolean">;
  UserSecurityRole:
    | TypedCustomAttributeValue<"somedynamicenumerator">
    | TypedCustomAttributeValue<"somedate">
    | TypedCustomAttributeValue<"sometext">
    | TypedCustomAttributeValue<"someenumerator">
    | TypedCustomAttributeValue<"someboolean">;
  DashboardResource:
    | TypedCustomAttributeValue<"somedynamicenumerator">
    | TypedCustomAttributeValue<"somedate">
    | TypedCustomAttributeValue<"sometext">
    | TypedCustomAttributeValue<"someenumerator">
    | TypedCustomAttributeValue<"someboolean">;
  Component:
    | TypedCustomAttributeValue<"somedynamicenumerator">
    | TypedCustomAttributeValue<"somedate">
    | TypedCustomAttributeValue<"sometext">
    | TypedCustomAttributeValue<"someenumerator">
    | TypedCustomAttributeValue<"someboolean">;
  NoteAnnotationComponent:
    | TypedCustomAttributeValue<"somedynamicenumerator">
    | TypedCustomAttributeValue<"somedate">
    | TypedCustomAttributeValue<"sometext">
    | TypedCustomAttributeValue<"someenumerator">
    | TypedCustomAttributeValue<"someboolean">;
  SequenceComponent:
    | TypedCustomAttributeValue<"somedynamicenumerator">
    | TypedCustomAttributeValue<"somedate">
    | TypedCustomAttributeValue<"sometext">
    | TypedCustomAttributeValue<"someenumerator">
    | TypedCustomAttributeValue<"someboolean">;
  Collaborator:
    | TypedCustomAttributeValue<"somedynamicenumerator">
    | TypedCustomAttributeValue<"somedate">
    | TypedCustomAttributeValue<"sometext">
    | TypedCustomAttributeValue<"someenumerator">
    | TypedCustomAttributeValue<"someboolean">;
  CustomAttributeConfiguration:
    | TypedCustomAttributeValue<"somedynamicenumerator">
    | TypedCustomAttributeValue<"somedate">
    | TypedCustomAttributeValue<"sometext">
    | TypedCustomAttributeValue<"someenumerator">
    | TypedCustomAttributeValue<"someboolean">;
  Status:
    | TypedCustomAttributeValue<"somedynamicenumerator">
    | TypedCustomAttributeValue<"somedate">
    | TypedCustomAttributeValue<"sometext">
    | TypedCustomAttributeValue<"someenumerator">
    | TypedCustomAttributeValue<"someboolean">;
  Scope:
    | TypedCustomAttributeValue<"somedynamicenumerator">
    | TypedCustomAttributeValue<"somedate">
    | TypedCustomAttributeValue<"sometext">
    | TypedCustomAttributeValue<"someenumerator">
    | TypedCustomAttributeValue<"someboolean">;
  StatusRuleGroup:
    | TypedCustomAttributeValue<"somedynamicenumerator">
    | TypedCustomAttributeValue<"somedate">
    | TypedCustomAttributeValue<"sometext">
    | TypedCustomAttributeValue<"someenumerator">
    | TypedCustomAttributeValue<"someboolean">;
  TypedContext:
    | TypedCustomAttributeValue<"somedynamicenumerator">
    | TypedCustomAttributeValue<"somedate">
    | TypedCustomAttributeValue<"sometext">
    | TypedCustomAttributeValue<"someenumerator">
    | TypedCustomAttributeValue<"someboolean">;
  Manager:
    | TypedCustomAttributeValue<"somedynamicenumerator">
    | TypedCustomAttributeValue<"somedate">
    | TypedCustomAttributeValue<"sometext">
    | TypedCustomAttributeValue<"someenumerator">
    | TypedCustomAttributeValue<"someboolean">;
  CustomConfigurationBase:
    | TypedCustomAttributeValue<"somedynamicenumerator">
    | TypedCustomAttributeValue<"somedate">
    | TypedCustomAttributeValue<"sometext">
    | TypedCustomAttributeValue<"someenumerator">
    | TypedCustomAttributeValue<"someboolean">;
  AssetVersionLink:
    | TypedCustomAttributeValue<"somedynamicenumerator">
    | TypedCustomAttributeValue<"somedate">
    | TypedCustomAttributeValue<"sometext">
    | TypedCustomAttributeValue<"someenumerator">
    | TypedCustomAttributeValue<"someboolean">;
  ReviewSessionObjectAnnotation:
    | TypedCustomAttributeValue<"somedynamicenumerator">
    | TypedCustomAttributeValue<"somedate">
    | TypedCustomAttributeValue<"sometext">
    | TypedCustomAttributeValue<"someenumerator">
    | TypedCustomAttributeValue<"someboolean">;
  TypedContextList:
    | TypedCustomAttributeValue<"somedynamicenumerator">
    | TypedCustomAttributeValue<"somedate">
    | TypedCustomAttributeValue<"sometext">
    | TypedCustomAttributeValue<"someenumerator">
    | TypedCustomAttributeValue<"someboolean">;
  NoteLabelLink:
    | TypedCustomAttributeValue<"somedynamicenumerator">
    | TypedCustomAttributeValue<"somedate">
    | TypedCustomAttributeValue<"sometext">
    | TypedCustomAttributeValue<"someenumerator">
    | TypedCustomAttributeValue<"someboolean">;
  TypedContextStatusChange:
    | TypedCustomAttributeValue<"somedynamicenumerator">
    | TypedCustomAttributeValue<"somedate">
    | TypedCustomAttributeValue<"sometext">
    | TypedCustomAttributeValue<"someenumerator">
    | TypedCustomAttributeValue<"someboolean">;
  CustomAttributeLinkConfiguration:
    | TypedCustomAttributeValue<"somedynamicenumerator">
    | TypedCustomAttributeValue<"somedate">
    | TypedCustomAttributeValue<"sometext">
    | TypedCustomAttributeValue<"someenumerator">
    | TypedCustomAttributeValue<"someboolean">;
  ContainerComponent:
    | TypedCustomAttributeValue<"somedynamicenumerator">
    | TypedCustomAttributeValue<"somedate">
    | TypedCustomAttributeValue<"sometext">
    | TypedCustomAttributeValue<"someenumerator">
    | TypedCustomAttributeValue<"someboolean">;
  AssetVersion:
    | TypedCustomAttributeValue<"somedynamicenumerator">
    | TypedCustomAttributeValue<"somedate">
    | TypedCustomAttributeValue<"sometext">
    | TypedCustomAttributeValue<"someenumerator">
    | TypedCustomAttributeValue<"someboolean">;
  SecurityRole:
    | TypedCustomAttributeValue<"somedynamicenumerator">
    | TypedCustomAttributeValue<"somedate">
    | TypedCustomAttributeValue<"sometext">
    | TypedCustomAttributeValue<"someenumerator">
    | TypedCustomAttributeValue<"someboolean">;
  UserApplicationState:
    | TypedCustomAttributeValue<"somedynamicenumerator">
    | TypedCustomAttributeValue<"somedate">
    | TypedCustomAttributeValue<"sometext">
    | TypedCustomAttributeValue<"someenumerator">
    | TypedCustomAttributeValue<"someboolean">;
  ReviewSessionInvitee:
    | TypedCustomAttributeValue<"somedynamicenumerator">
    | TypedCustomAttributeValue<"somedate">
    | TypedCustomAttributeValue<"sometext">
    | TypedCustomAttributeValue<"someenumerator">
    | TypedCustomAttributeValue<"someboolean">;
  Note:
    | TypedCustomAttributeValue<"somedynamicenumerator">
    | TypedCustomAttributeValue<"somedate">
    | TypedCustomAttributeValue<"sometext">
    | TypedCustomAttributeValue<"someenumerator">
    | TypedCustomAttributeValue<"someboolean">;
  Event:
    | TypedCustomAttributeValue<"somedynamicenumerator">
    | TypedCustomAttributeValue<"somedate">
    | TypedCustomAttributeValue<"sometext">
    | TypedCustomAttributeValue<"someenumerator">
    | TypedCustomAttributeValue<"someboolean">;
  ListObject:
    | TypedCustomAttributeValue<"somedynamicenumerator">
    | TypedCustomAttributeValue<"somedate">
    | TypedCustomAttributeValue<"sometext">
    | TypedCustomAttributeValue<"someenumerator">
    | TypedCustomAttributeValue<"someboolean">;
  AssetVersionList:
    | TypedCustomAttributeValue<"somedynamicenumerator">
    | TypedCustomAttributeValue<"somedate">
    | TypedCustomAttributeValue<"sometext">
    | TypedCustomAttributeValue<"someenumerator">
    | TypedCustomAttributeValue<"someboolean">;
  UserSession:
    | TypedCustomAttributeValue<"somedynamicenumerator">
    | TypedCustomAttributeValue<"somedate">
    | TypedCustomAttributeValue<"sometext">
    | TypedCustomAttributeValue<"someenumerator">
    | TypedCustomAttributeValue<"someboolean">;
  EntitySetting:
    | TypedCustomAttributeValue<"somedynamicenumerator">
    | TypedCustomAttributeValue<"somedate">
    | TypedCustomAttributeValue<"sometext">
    | TypedCustomAttributeValue<"someenumerator">
    | TypedCustomAttributeValue<"someboolean">;
  Disk:
    | TypedCustomAttributeValue<"somedynamicenumerator">
    | TypedCustomAttributeValue<"somedate">
    | TypedCustomAttributeValue<"sometext">
    | TypedCustomAttributeValue<"someenumerator">
    | TypedCustomAttributeValue<"someboolean">;
  Job:
    | TypedCustomAttributeValue<"somedynamicenumerator">
    | TypedCustomAttributeValue<"somedate">
    | TypedCustomAttributeValue<"sometext">
    | TypedCustomAttributeValue<"someenumerator">
    | TypedCustomAttributeValue<"someboolean">;
  TaskTemplateItem:
    | TypedCustomAttributeValue<"somedynamicenumerator">
    | TypedCustomAttributeValue<"somedate">
    | TypedCustomAttributeValue<"sometext">
    | TypedCustomAttributeValue<"someenumerator">
    | TypedCustomAttributeValue<"someboolean">;
  ProjectSchemaOverride:
    | TypedCustomAttributeValue<"somedynamicenumerator">
    | TypedCustomAttributeValue<"somedate">
    | TypedCustomAttributeValue<"sometext">
    | TypedCustomAttributeValue<"someenumerator">
    | TypedCustomAttributeValue<"someboolean">;
  User:
    | TypedCustomAttributeValue<"somedynamicenumerator">
    | TypedCustomAttributeValue<"somedate">
    | TypedCustomAttributeValue<"sometext">
    | TypedCustomAttributeValue<"someenumerator">
    | TypedCustomAttributeValue<"someboolean">;
  Feed:
    | TypedCustomAttributeValue<"somedynamicenumerator">
    | TypedCustomAttributeValue<"somedate">
    | TypedCustomAttributeValue<"sometext">
    | TypedCustomAttributeValue<"someenumerator">
    | TypedCustomAttributeValue<"someboolean">;
  BaseUser:
    | TypedCustomAttributeValue<"somedynamicenumerator">
    | TypedCustomAttributeValue<"somedate">
    | TypedCustomAttributeValue<"sometext">
    | TypedCustomAttributeValue<"someenumerator">
    | TypedCustomAttributeValue<"someboolean">;
  ReviewSession:
    | TypedCustomAttributeValue<"somedynamicenumerator">
    | TypedCustomAttributeValue<"somedate">
    | TypedCustomAttributeValue<"sometext">
    | TypedCustomAttributeValue<"someenumerator">
    | TypedCustomAttributeValue<"someboolean">;
  UserView:
    | TypedCustomAttributeValue<"somedynamicenumerator">
    | TypedCustomAttributeValue<"somedate">
    | TypedCustomAttributeValue<"sometext">
    | TypedCustomAttributeValue<"someenumerator">
    | TypedCustomAttributeValue<"someboolean">;
  Metadata:
    | TypedCustomAttributeValue<"somedynamicenumerator">
    | TypedCustomAttributeValue<"somedate">
    | TypedCustomAttributeValue<"sometext">
    | TypedCustomAttributeValue<"someenumerator">
    | TypedCustomAttributeValue<"someboolean">;
  NoteCategory:
    | TypedCustomAttributeValue<"somedynamicenumerator">
    | TypedCustomAttributeValue<"somedate">
    | TypedCustomAttributeValue<"sometext">
    | TypedCustomAttributeValue<"someenumerator">
    | TypedCustomAttributeValue<"someboolean">;
  Type:
    | TypedCustomAttributeValue<"somedynamicenumerator">
    | TypedCustomAttributeValue<"somedate">
    | TypedCustomAttributeValue<"sometext">
    | TypedCustomAttributeValue<"someenumerator">
    | TypedCustomAttributeValue<"someboolean">;
  UserType:
    | TypedCustomAttributeValue<"somedynamicenumerator">
    | TypedCustomAttributeValue<"somedate">
    | TypedCustomAttributeValue<"sometext">
    | TypedCustomAttributeValue<"someenumerator">
    | TypedCustomAttributeValue<"someboolean">;
  JobComponent:
    | TypedCustomAttributeValue<"somedynamicenumerator">
    | TypedCustomAttributeValue<"somedate">
    | TypedCustomAttributeValue<"sometext">
    | TypedCustomAttributeValue<"someenumerator">
    | TypedCustomAttributeValue<"someboolean">;
  ListCategory:
    | TypedCustomAttributeValue<"somedynamicenumerator">
    | TypedCustomAttributeValue<"somedate">
    | TypedCustomAttributeValue<"sometext">
    | TypedCustomAttributeValue<"someenumerator">
    | TypedCustomAttributeValue<"someboolean">;
  WorkflowSchema:
    | TypedCustomAttributeValue<"somedynamicenumerator">
    | TypedCustomAttributeValue<"somedate">
    | TypedCustomAttributeValue<"sometext">
    | TypedCustomAttributeValue<"someenumerator">
    | TypedCustomAttributeValue<"someboolean">;
  ReviewSessionObjectStatus:
    | TypedCustomAttributeValue<"somedynamicenumerator">
    | TypedCustomAttributeValue<"somedate">
    | TypedCustomAttributeValue<"sometext">
    | TypedCustomAttributeValue<"someenumerator">
    | TypedCustomAttributeValue<"someboolean">;
  Context:
    | TypedCustomAttributeValue<"somedynamicenumerator">
    | TypedCustomAttributeValue<"somedate">
    | TypedCustomAttributeValue<"sometext">
    | TypedCustomAttributeValue<"someenumerator">
    | TypedCustomAttributeValue<"someboolean">;
  Schema:
    | TypedCustomAttributeValue<"somedynamicenumerator">
    | TypedCustomAttributeValue<"somedate">
    | TypedCustomAttributeValue<"sometext">
    | TypedCustomAttributeValue<"someenumerator">
    | TypedCustomAttributeValue<"someboolean">;
  WorkflowSchemaStatus:
    | TypedCustomAttributeValue<"somedynamicenumerator">
    | TypedCustomAttributeValue<"somedate">
    | TypedCustomAttributeValue<"sometext">
    | TypedCustomAttributeValue<"someenumerator">
    | TypedCustomAttributeValue<"someboolean">;
  SchemaType:
    | TypedCustomAttributeValue<"somedynamicenumerator">
    | TypedCustomAttributeValue<"somedate">
    | TypedCustomAttributeValue<"sometext">
    | TypedCustomAttributeValue<"someenumerator">
    | TypedCustomAttributeValue<"someboolean">;
  Asset:
    | TypedCustomAttributeValue<"somedynamicenumerator">
    | TypedCustomAttributeValue<"somedate">
    | TypedCustomAttributeValue<"sometext">
    | TypedCustomAttributeValue<"someenumerator">
    | TypedCustomAttributeValue<"someboolean">;
  SettingComponent:
    | TypedCustomAttributeValue<"somedynamicenumerator">
    | TypedCustomAttributeValue<"somedate">
    | TypedCustomAttributeValue<"sometext">
    | TypedCustomAttributeValue<"someenumerator">
    | TypedCustomAttributeValue<"someboolean">;
  StatusRule:
    | TypedCustomAttributeValue<"somedynamicenumerator">
    | TypedCustomAttributeValue<"somedate">
    | TypedCustomAttributeValue<"sometext">
    | TypedCustomAttributeValue<"someenumerator">
    | TypedCustomAttributeValue<"someboolean">;
  ComponentLocation:
    | TypedCustomAttributeValue<"somedynamicenumerator">
    | TypedCustomAttributeValue<"somedate">
    | TypedCustomAttributeValue<"sometext">
    | TypedCustomAttributeValue<"someenumerator">
    | TypedCustomAttributeValue<"someboolean">;
  ReviewSessionObjectAnnotationComponent:
    | TypedCustomAttributeValue<"somedynamicenumerator">
    | TypedCustomAttributeValue<"somedate">
    | TypedCustomAttributeValue<"sometext">
    | TypedCustomAttributeValue<"someenumerator">
    | TypedCustomAttributeValue<"someboolean">;
  CustomAttributeType:
    | TypedCustomAttributeValue<"somedynamicenumerator">
    | TypedCustomAttributeValue<"somedate">
    | TypedCustomAttributeValue<"sometext">
    | TypedCustomAttributeValue<"someenumerator">
    | TypedCustomAttributeValue<"someboolean">;
  Timelog:
    | TypedCustomAttributeValue<"somedynamicenumerator">
    | TypedCustomAttributeValue<"somedate">
    | TypedCustomAttributeValue<"sometext">
    | TypedCustomAttributeValue<"someenumerator">
    | TypedCustomAttributeValue<"someboolean">;
  SchemaStatus:
    | TypedCustomAttributeValue<"somedynamicenumerator">
    | TypedCustomAttributeValue<"somedate">
    | TypedCustomAttributeValue<"sometext">
    | TypedCustomAttributeValue<"someenumerator">
    | TypedCustomAttributeValue<"someboolean">;
  UserSecurityRoleProject:
    | TypedCustomAttributeValue<"somedynamicenumerator">
    | TypedCustomAttributeValue<"somedate">
    | TypedCustomAttributeValue<"sometext">
    | TypedCustomAttributeValue<"someenumerator">
    | TypedCustomAttributeValue<"someboolean">;
  ObjectType:
    | TypedCustomAttributeValue<"somedynamicenumerator">
    | TypedCustomAttributeValue<"somedate">
    | TypedCustomAttributeValue<"sometext">
    | TypedCustomAttributeValue<"someenumerator">
    | TypedCustomAttributeValue<"someboolean">;
  Project:
    | TypedCustomAttributeValue<"somedynamicenumerator">
    | TypedCustomAttributeValue<"somedate">
    | TypedCustomAttributeValue<"sometext">
    | TypedCustomAttributeValue<"someenumerator">
    | TypedCustomAttributeValue<"someboolean">;
  TaskTemplate:
    | TypedCustomAttributeValue<"somedynamicenumerator">
    | TypedCustomAttributeValue<"somedate">
    | TypedCustomAttributeValue<"sometext">
    | TypedCustomAttributeValue<"someenumerator">
    | TypedCustomAttributeValue<"someboolean">;
  AssetVersionStatusChange:
    | TypedCustomAttributeValue<"somedynamicenumerator">
    | TypedCustomAttributeValue<"somedate">
    | TypedCustomAttributeValue<"sometext">
    | TypedCustomAttributeValue<"someenumerator">
    | TypedCustomAttributeValue<"someboolean">;
  Setting:
    | TypedCustomAttributeValue<"somedynamicenumerator">
    | TypedCustomAttributeValue<"somedate">
    | TypedCustomAttributeValue<"sometext">
    | TypedCustomAttributeValue<"someenumerator">
    | TypedCustomAttributeValue<"someboolean">;
  ApiKey:
    | TypedCustomAttributeValue<"somedynamicenumerator">
    | TypedCustomAttributeValue<"somedate">
    | TypedCustomAttributeValue<"sometext">
    | TypedCustomAttributeValue<"someenumerator">
    | TypedCustomAttributeValue<"someboolean">;
  NoteLabel:
    | TypedCustomAttributeValue<"somedynamicenumerator">
    | TypedCustomAttributeValue<"somedate">
    | TypedCustomAttributeValue<"sometext">
    | TypedCustomAttributeValue<"someenumerator">
    | TypedCustomAttributeValue<"someboolean">;
  ManagerType:
    | TypedCustomAttributeValue<"somedynamicenumerator">
    | TypedCustomAttributeValue<"somedate">
    | TypedCustomAttributeValue<"sometext">
    | TypedCustomAttributeValue<"someenumerator">
    | TypedCustomAttributeValue<"someboolean">;
  Recipient:
    | TypedCustomAttributeValue<"somedynamicenumerator">
    | TypedCustomAttributeValue<"somedate">
    | TypedCustomAttributeValue<"sometext">
    | TypedCustomAttributeValue<"someenumerator">
    | TypedCustomAttributeValue<"someboolean">;
  NoteComponent:
    | TypedCustomAttributeValue<"somedynamicenumerator">
    | TypedCustomAttributeValue<"somedate">
    | TypedCustomAttributeValue<"sometext">
    | TypedCustomAttributeValue<"someenumerator">
    | TypedCustomAttributeValue<"someboolean">;
  ProjectSchemaObjectType:
    | TypedCustomAttributeValue<"somedynamicenumerator">
    | TypedCustomAttributeValue<"somedate">
    | TypedCustomAttributeValue<"sometext">
    | TypedCustomAttributeValue<"someenumerator">
    | TypedCustomAttributeValue<"someboolean">;
  List:
    | TypedCustomAttributeValue<"somedynamicenumerator">
    | TypedCustomAttributeValue<"somedate">
    | TypedCustomAttributeValue<"sometext">
    | TypedCustomAttributeValue<"someenumerator">
    | TypedCustomAttributeValue<"someboolean">;
  SplitTaskPart:
    | TypedCustomAttributeValue<"somedynamicenumerator">
    | TypedCustomAttributeValue<"somedate">
    | TypedCustomAttributeValue<"sometext">
    | TypedCustomAttributeValue<"someenumerator">
    | TypedCustomAttributeValue<"someboolean">;
  Resource:
    | TypedCustomAttributeValue<"somedynamicenumerator">
    | TypedCustomAttributeValue<"somedate">
    | TypedCustomAttributeValue<"sometext">
    | TypedCustomAttributeValue<"someenumerator">
    | TypedCustomAttributeValue<"someboolean">;
  TaskTypeSchemaType:
    | TypedCustomAttributeValue<"somedynamicenumerator">
    | TypedCustomAttributeValue<"somedate">
    | TypedCustomAttributeValue<"sometext">
    | TypedCustomAttributeValue<"someenumerator">
    | TypedCustomAttributeValue<"someboolean">;
  Priority:
    | TypedCustomAttributeValue<"somedynamicenumerator">
    | TypedCustomAttributeValue<"somedate">
    | TypedCustomAttributeValue<"sometext">
    | TypedCustomAttributeValue<"someenumerator">
    | TypedCustomAttributeValue<"someboolean">;
  Milestone:
    | TypedCustomAttributeValue<"somedynamicenumerator">
    | TypedCustomAttributeValue<"somedate">
    | TypedCustomAttributeValue<"sometext">
    | TypedCustomAttributeValue<"someenumerator">
    | TypedCustomAttributeValue<"someboolean">;
  Task:
    | TypedCustomAttributeValue<"somedynamicenumerator">
    | TypedCustomAttributeValue<"somedate">
    | TypedCustomAttributeValue<"sometext">
    | TypedCustomAttributeValue<"someenumerator">
    | TypedCustomAttributeValue<"someboolean">;
  Episode:
    | TypedCustomAttributeValue<"somedynamicenumerator">
    | TypedCustomAttributeValue<"somedate">
    | TypedCustomAttributeValue<"sometext">
    | TypedCustomAttributeValue<"someenumerator">
    | TypedCustomAttributeValue<"someboolean">;
  Scene:
    | TypedCustomAttributeValue<"somedynamicenumerator">
    | TypedCustomAttributeValue<"somedate">
    | TypedCustomAttributeValue<"sometext">
    | TypedCustomAttributeValue<"someenumerator">
    | TypedCustomAttributeValue<"someboolean">;
  Folder:
    | TypedCustomAttributeValue<"somedynamicenumerator">
    | TypedCustomAttributeValue<"somedate">
    | TypedCustomAttributeValue<"sometext">
    | TypedCustomAttributeValue<"someenumerator">
    | TypedCustomAttributeValue<"someboolean">;
  Image:
    | TypedCustomAttributeValue<"somedynamicenumerator">
    | TypedCustomAttributeValue<"somedate">
    | TypedCustomAttributeValue<"sometext">
    | TypedCustomAttributeValue<"someenumerator">
    | TypedCustomAttributeValue<"someboolean">;
  AssetBuild:
    | TypedCustomAttributeValue<"somedynamicenumerator">
    | TypedCustomAttributeValue<"somedate">
    | TypedCustomAttributeValue<"sometext">
    | TypedCustomAttributeValue<"someenumerator">
    | TypedCustomAttributeValue<"someboolean">;
  Shot:
    | TypedCustomAttributeValue<"somedynamicenumerator">
    | TypedCustomAttributeValue<"somedate">
    | TypedCustomAttributeValue<"sometext">
    | TypedCustomAttributeValue<"someenumerator">
    | TypedCustomAttributeValue<"someboolean">
    | TypedCustomAttributeValue<"fend">
    | TypedCustomAttributeValue<"handles">
    | TypedCustomAttributeValue<"duration">
    | TypedCustomAttributeValue<"fstart">
    | TypedCustomAttributeValue<"fps">;
  Sequence:
    | TypedCustomAttributeValue<"somedynamicenumerator">
    | TypedCustomAttributeValue<"somedate">
    | TypedCustomAttributeValue<"sometext">
    | TypedCustomAttributeValue<"someenumerator">
    | TypedCustomAttributeValue<"someboolean">
    | TypedCustomAttributeValue<"fps">;
  Information:
    | TypedCustomAttributeValue<"somedynamicenumerator">
    | TypedCustomAttributeValue<"somedate">
    | TypedCustomAttributeValue<"sometext">
    | TypedCustomAttributeValue<"someenumerator">
    | TypedCustomAttributeValue<"someboolean">;
  ContextCustomAttributeValue:
    | TypedCustomAttributeValue<"somedynamicenumerator">
    | TypedCustomAttributeValue<"somedate">
    | TypedCustomAttributeValue<"sometext">
    | TypedCustomAttributeValue<"someenumerator">
    | TypedCustomAttributeValue<"someboolean">;
  AssetVersionCustomAttributeValue:
    | TypedCustomAttributeValue<"somedynamicenumerator">
    | TypedCustomAttributeValue<"somedate">
    | TypedCustomAttributeValue<"sometext">
    | TypedCustomAttributeValue<"someenumerator">
    | TypedCustomAttributeValue<"someboolean">;
  ListCustomAttributeValue:
    | TypedCustomAttributeValue<"somedynamicenumerator">
    | TypedCustomAttributeValue<"somedate">
    | TypedCustomAttributeValue<"sometext">
    | TypedCustomAttributeValue<"someenumerator">
    | TypedCustomAttributeValue<"someboolean">;
  ListObjectCustomAttributeValue:
    | TypedCustomAttributeValue<"somedynamicenumerator">
    | TypedCustomAttributeValue<"somedate">
    | TypedCustomAttributeValue<"sometext">
    | TypedCustomAttributeValue<"someenumerator">
    | TypedCustomAttributeValue<"someboolean">;
  UserCustomAttributeValue:
    | TypedCustomAttributeValue<"somedynamicenumerator">
    | TypedCustomAttributeValue<"somedate">
    | TypedCustomAttributeValue<"sometext">
    | TypedCustomAttributeValue<"someenumerator">
    | TypedCustomAttributeValue<"someboolean">;
  AssetCustomAttributeValue:
    | TypedCustomAttributeValue<"somedynamicenumerator">
    | TypedCustomAttributeValue<"somedate">
    | TypedCustomAttributeValue<"sometext">
    | TypedCustomAttributeValue<"someenumerator">
    | TypedCustomAttributeValue<"someboolean">;
  ContextCustomAttributeLink:
    | TypedCustomAttributeValue<"somedynamicenumerator">
    | TypedCustomAttributeValue<"somedate">
    | TypedCustomAttributeValue<"sometext">
    | TypedCustomAttributeValue<"someenumerator">
    | TypedCustomAttributeValue<"someboolean">;
  ContextCustomAttributeLinkFrom:
    | TypedCustomAttributeValue<"somedynamicenumerator">
    | TypedCustomAttributeValue<"somedate">
    | TypedCustomAttributeValue<"sometext">
    | TypedCustomAttributeValue<"someenumerator">
    | TypedCustomAttributeValue<"someboolean">;
  AssetVersionCustomAttributeLink:
    | TypedCustomAttributeValue<"somedynamicenumerator">
    | TypedCustomAttributeValue<"somedate">
    | TypedCustomAttributeValue<"sometext">
    | TypedCustomAttributeValue<"someenumerator">
    | TypedCustomAttributeValue<"someboolean">;
  AssetVersionCustomAttributeLinkFrom:
    | TypedCustomAttributeValue<"somedynamicenumerator">
    | TypedCustomAttributeValue<"somedate">
    | TypedCustomAttributeValue<"sometext">
    | TypedCustomAttributeValue<"someenumerator">
    | TypedCustomAttributeValue<"someboolean">;
  ListCustomAttributeLink:
    | TypedCustomAttributeValue<"somedynamicenumerator">
    | TypedCustomAttributeValue<"somedate">
    | TypedCustomAttributeValue<"sometext">
    | TypedCustomAttributeValue<"someenumerator">
    | TypedCustomAttributeValue<"someboolean">;
  ListCustomAttributeLinkFrom:
    | TypedCustomAttributeValue<"somedynamicenumerator">
    | TypedCustomAttributeValue<"somedate">
    | TypedCustomAttributeValue<"sometext">
    | TypedCustomAttributeValue<"someenumerator">
    | TypedCustomAttributeValue<"someboolean">;
  UserCustomAttributeLink:
    | TypedCustomAttributeValue<"somedynamicenumerator">
    | TypedCustomAttributeValue<"somedate">
    | TypedCustomAttributeValue<"sometext">
    | TypedCustomAttributeValue<"someenumerator">
    | TypedCustomAttributeValue<"someboolean">;
  UserCustomAttributeLinkFrom:
    | TypedCustomAttributeValue<"somedynamicenumerator">
    | TypedCustomAttributeValue<"somedate">
    | TypedCustomAttributeValue<"sometext">
    | TypedCustomAttributeValue<"someenumerator">
    | TypedCustomAttributeValue<"someboolean">;
  GroupCustomAttributeLink:
    | TypedCustomAttributeValue<"somedynamicenumerator">
    | TypedCustomAttributeValue<"somedate">
    | TypedCustomAttributeValue<"sometext">
    | TypedCustomAttributeValue<"someenumerator">
    | TypedCustomAttributeValue<"someboolean">;
  GroupCustomAttributeLinkFrom:
    | TypedCustomAttributeValue<"somedynamicenumerator">
    | TypedCustomAttributeValue<"somedate">
    | TypedCustomAttributeValue<"sometext">
    | TypedCustomAttributeValue<"someenumerator">
    | TypedCustomAttributeValue<"someboolean">;
  AssetCustomAttributeLink:
    | TypedCustomAttributeValue<"somedynamicenumerator">
    | TypedCustomAttributeValue<"somedate">
    | TypedCustomAttributeValue<"sometext">
    | TypedCustomAttributeValue<"someenumerator">
    | TypedCustomAttributeValue<"someboolean">;
  AssetCustomAttributeLinkFrom:
    | TypedCustomAttributeValue<"somedynamicenumerator">
    | TypedCustomAttributeValue<"somedate">
    | TypedCustomAttributeValue<"sometext">
    | TypedCustomAttributeValue<"someenumerator">
    | TypedCustomAttributeValue<"someboolean">;
  ComponentCustomAttributeLink:
    | TypedCustomAttributeValue<"somedynamicenumerator">
    | TypedCustomAttributeValue<"somedate">
    | TypedCustomAttributeValue<"sometext">
    | TypedCustomAttributeValue<"someenumerator">
    | TypedCustomAttributeValue<"someboolean">;
  ComponentCustomAttributeLinkFrom:
    | TypedCustomAttributeValue<"somedynamicenumerator">
    | TypedCustomAttributeValue<"somedate">
    | TypedCustomAttributeValue<"sometext">
    | TypedCustomAttributeValue<"someenumerator">
    | TypedCustomAttributeValue<"someboolean">;
};

export function getTypes() {
  return [
    {
      name: "Concept Art",
      isBillable: true,
    },
    {
      name: "Modeling",
      isBillable: true,
    },
    {
      name: "Rigging",
      isBillable: true,
    },
    {
      name: "Texture",
      isBillable: true,
    },
    {
      name: "Lookdev",
      isBillable: true,
    },
    {
      name: "Character",
      isBillable: true,
    },
    {
      name: "Prop",
      isBillable: true,
    },
    {
      name: "Furniture",
      isBillable: false,
    },
    {
      name: "Vehicle",
      isBillable: true,
    },
    {
      name: "Environment",
      isBillable: true,
    },
    {
      name: "Matte Painting",
      isBillable: true,
    },
    {
      name: "Production",
      isBillable: false,
    },
    {
      name: "Editing",
      isBillable: true,
    },
    {
      name: "Conform",
      isBillable: true,
    },
    {
      name: "Tracking",
      isBillable: true,
    },
    {
      name: "Rotoscoping",
      isBillable: true,
    },
    {
      name: "Previz",
      isBillable: true,
    },
    {
      name: "Layout",
      isBillable: true,
    },
    {
      name: "Animation",
      isBillable: true,
    },
    {
      name: "FX",
      isBillable: true,
    },
    {
      name: "Lighting",
      isBillable: true,
    },
    {
      name: "Rendering",
      isBillable: true,
    },
    {
      name: "Compositing",
      isBillable: true,
    },
    {
      name: "Deliverable",
      isBillable: true,
    },
  ] as const;
}

export type RuntimeType = ReturnType<typeof getTypes>[number];
export type RuntimeTypeName = RuntimeType["name"];

interface TypeFor<T extends TypedContextSubtype> extends Omit<Type, "name"> {
  name: T;
}

export function getObjectTypes() {
  return [
    {
      name: "Folder",
      isTimeReportable: false,
      isTaskable: true,
      isTypeable: false,
      isStatusable: false,
      isSchedulable: false,
      isPrioritizable: true,
      isLeaf: false,
    },
    {
      name: "Asset Build",
      isTimeReportable: false,
      isTaskable: true,
      isTypeable: true,
      isStatusable: true,
      isSchedulable: false,
      isPrioritizable: true,
      isLeaf: false,
    },
    {
      name: "Episode",
      isTimeReportable: false,
      isTaskable: true,
      isTypeable: false,
      isStatusable: true,
      isSchedulable: false,
      isPrioritizable: true,
      isLeaf: false,
    },
    {
      name: "Scene",
      isTimeReportable: false,
      isTaskable: true,
      isTypeable: false,
      isStatusable: true,
      isSchedulable: false,
      isPrioritizable: false,
      isLeaf: false,
    },
    {
      name: "Sequence",
      isTimeReportable: false,
      isTaskable: true,
      isTypeable: false,
      isStatusable: false,
      isSchedulable: false,
      isPrioritizable: true,
      isLeaf: false,
    },
    {
      name: "Shot",
      isTimeReportable: false,
      isTaskable: true,
      isTypeable: false,
      isStatusable: true,
      isSchedulable: false,
      isPrioritizable: true,
      isLeaf: false,
    },
    {
      name: "Milestone",
      isTimeReportable: false,
      isTaskable: false,
      isTypeable: true,
      isStatusable: true,
      isSchedulable: true,
      isPrioritizable: true,
      isLeaf: true,
    },
    {
      name: "Task",
      isTimeReportable: true,
      isTaskable: false,
      isTypeable: true,
      isStatusable: true,
      isSchedulable: true,
      isPrioritizable: true,
      isLeaf: true,
    },
    {
      name: "Image",
      isTimeReportable: false,
      isTaskable: true,
      isTypeable: false,
      isStatusable: false,
      isSchedulable: false,
      isPrioritizable: false,
      isLeaf: false,
    },
    {
      name: "Information",
      isTimeReportable: false,
      isTaskable: true,
      isTypeable: false,
      isStatusable: false,
      isSchedulable: false,
      isPrioritizable: false,
      isLeaf: false,
    },
  ] as const;
}

export type RuntimeObjectType = ReturnType<typeof getObjectTypes>[number];
export type RuntimeObjectTypeName = RuntimeObjectType["name"];

interface ObjectTypeFor<T extends TypedContextSubtype>
  extends Omit<ObjectType, "name"> {
  name: T;
}

export function getProjectSchemas() {
  return [
    {
      name: "Model production",
      objectTypes: ["Milestone", "Task", "Folder", "Asset Build"],
    },
    {
      name: "Animation",
      objectTypes: [
        "Milestone",
        "Task",
        "Episode",
        "Folder",
        "Asset Build",
        "Shot",
        "Sequence",
      ],
    },
    {
      name: "VFX",
      objectTypes: [
        "Milestone",
        "Task",
        "Episode",
        "Folder",
        "Asset Build",
        "Shot",
        "Sequence",
      ],
    },
    {
      name: "Media production",
      objectTypes: [
        "Milestone",
        "Task",
        "Scene",
        "Folder",
        "Image",
        "Asset Build",
        "Shot",
        "Information",
      ],
    },
  ] as const;
}

export type RuntimeProjectSchema = ReturnType<typeof getProjectSchemas>[number];
export type RuntimeProjectSchemaName = RuntimeProjectSchema["name"];

export function getPriorities() {
  return [
    {
      name: "Urgent",
      color: "#E74C3C",
      value: 0,
      sort: 0,
    },
    {
      name: "High",
      color: "#E67E22",
      value: 0,
      sort: 1,
    },
    {
      name: "Medium",
      color: "#F1C40F",
      value: 0,
      sort: 2,
    },
    {
      name: "Low",
      color: "#1CBC90",
      value: 0,
      sort: 3,
    },
    {
      name: "None",
      color: "#CACACA",
      value: 0,
      sort: 4,
    },
  ] as const;
}

export type RuntimePriority = ReturnType<typeof getPriorities>[number];
export type RuntimePriorityName = RuntimePriority["name"];

export function getStatuses() {
  return [
    {
      name: "Completed",
      color: "#1cbc90",
      isActive: true,
      sort: 0,
    },
    {
      name: "Omitted",
      color: "#E74C3C",
      isActive: true,
      sort: 1,
    },
    {
      name: "On Hold",
      color: "#E74C3C",
      isActive: true,
      sort: 2,
    },
    {
      name: "Revise",
      color: "#FF6600",
      isActive: true,
      sort: 3,
    },
    {
      name: "Client approved",
      color: "#1CBC90",
      isActive: true,
      sort: 4,
    },
    {
      name: "Approved",
      color: "#1cbc90",
      isActive: true,
      sort: 5,
    },
    {
      name: "Pending Review",
      color: "#F1C40F",
      isActive: true,
      sort: 6,
    },
    {
      name: "In progress",
      color: "#3498DB",
      isActive: true,
      sort: 7,
    },
    {
      name: "WIP",
      color: "#CC99FF",
      isActive: true,
      sort: 8,
    },
    {
      name: "Ready to start",
      color: "#00FFFF",
      isActive: true,
      sort: 9,
    },
    {
      name: "Not started",
      color: "#CACACA",
      isActive: true,
      sort: 10,
    },
  ] as const;
}

export type RuntimeStatus = ReturnType<typeof getStatuses>[number];
export type RuntimeStatusName = RuntimeStatus["name"];
